Archive member included to satisfy reference by file (symbol)

c:/program files (x86)/atmel/studio/7.0/toolchain/avr8/avr8-gnu-toolchain/bin/../lib/gcc/avr/5.4.0/../../../../avr/lib/avr5\libm.a(addsf3.o)
                              src/programs/barcode.o (__addsf3)
c:/program files (x86)/atmel/studio/7.0/toolchain/avr8/avr8-gnu-toolchain/bin/../lib/gcc/avr/5.4.0/../../../../avr/lib/avr5\libm.a(addsf3x.o)
                              c:/program files (x86)/atmel/studio/7.0/toolchain/avr8/avr8-gnu-toolchain/bin/../lib/gcc/avr/5.4.0/../../../../avr/lib/avr5\libm.a(addsf3.o) (__addsf3x)
c:/program files (x86)/atmel/studio/7.0/toolchain/avr8/avr8-gnu-toolchain/bin/../lib/gcc/avr/5.4.0/../../../../avr/lib/avr5\libm.a(divsf3.o)
                              src/programs/visionclient.o (__divsf3)
c:/program files (x86)/atmel/studio/7.0/toolchain/avr8/avr8-gnu-toolchain/bin/../lib/gcc/avr/5.4.0/../../../../avr/lib/avr5\libm.a(divsf3x.o)
                              c:/program files (x86)/atmel/studio/7.0/toolchain/avr8/avr8-gnu-toolchain/bin/../lib/gcc/avr/5.4.0/../../../../avr/lib/avr5\libm.a(divsf3.o) (__divsf3x)
c:/program files (x86)/atmel/studio/7.0/toolchain/avr8/avr8-gnu-toolchain/bin/../lib/gcc/avr/5.4.0/../../../../avr/lib/avr5\libm.a(fixsfsi.o)
                              src/drivers/motor.o (__fixsfsi)
c:/program files (x86)/atmel/studio/7.0/toolchain/avr8/avr8-gnu-toolchain/bin/../lib/gcc/avr/5.4.0/../../../../avr/lib/avr5\libm.a(fixunssfsi.o)
                              src/programs/visionclient.o (__fixunssfsi)
c:/program files (x86)/atmel/studio/7.0/toolchain/avr8/avr8-gnu-toolchain/bin/../lib/gcc/avr/5.4.0/../../../../avr/lib/avr5\libm.a(floatsisf.o)
                              src/drivers/motor.o (__floatsisf)
c:/program files (x86)/atmel/studio/7.0/toolchain/avr8/avr8-gnu-toolchain/bin/../lib/gcc/avr/5.4.0/../../../../avr/lib/avr5\libm.a(fp_inf.o)
                              c:/program files (x86)/atmel/studio/7.0/toolchain/avr8/avr8-gnu-toolchain/bin/../lib/gcc/avr/5.4.0/../../../../avr/lib/avr5\libm.a(addsf3x.o) (__fp_inf)
c:/program files (x86)/atmel/studio/7.0/toolchain/avr8/avr8-gnu-toolchain/bin/../lib/gcc/avr/5.4.0/../../../../avr/lib/avr5\libm.a(fp_nan.o)
                              c:/program files (x86)/atmel/studio/7.0/toolchain/avr8/avr8-gnu-toolchain/bin/../lib/gcc/avr/5.4.0/../../../../avr/lib/avr5\libm.a(addsf3x.o) (__fp_nan)
c:/program files (x86)/atmel/studio/7.0/toolchain/avr8/avr8-gnu-toolchain/bin/../lib/gcc/avr/5.4.0/../../../../avr/lib/avr5\libm.a(fp_pscA.o)
                              c:/program files (x86)/atmel/studio/7.0/toolchain/avr8/avr8-gnu-toolchain/bin/../lib/gcc/avr/5.4.0/../../../../avr/lib/avr5\libm.a(addsf3x.o) (__fp_pscA)
c:/program files (x86)/atmel/studio/7.0/toolchain/avr8/avr8-gnu-toolchain/bin/../lib/gcc/avr/5.4.0/../../../../avr/lib/avr5\libm.a(fp_pscB.o)
                              c:/program files (x86)/atmel/studio/7.0/toolchain/avr8/avr8-gnu-toolchain/bin/../lib/gcc/avr/5.4.0/../../../../avr/lib/avr5\libm.a(addsf3x.o) (__fp_pscB)
c:/program files (x86)/atmel/studio/7.0/toolchain/avr8/avr8-gnu-toolchain/bin/../lib/gcc/avr/5.4.0/../../../../avr/lib/avr5\libm.a(fp_round.o)
                              c:/program files (x86)/atmel/studio/7.0/toolchain/avr8/avr8-gnu-toolchain/bin/../lib/gcc/avr/5.4.0/../../../../avr/lib/avr5\libm.a(addsf3.o) (__fp_round)
c:/program files (x86)/atmel/studio/7.0/toolchain/avr8/avr8-gnu-toolchain/bin/../lib/gcc/avr/5.4.0/../../../../avr/lib/avr5\libm.a(fp_split3.o)
                              c:/program files (x86)/atmel/studio/7.0/toolchain/avr8/avr8-gnu-toolchain/bin/../lib/gcc/avr/5.4.0/../../../../avr/lib/avr5\libm.a(addsf3x.o) (__fp_split3)
c:/program files (x86)/atmel/studio/7.0/toolchain/avr8/avr8-gnu-toolchain/bin/../lib/gcc/avr/5.4.0/../../../../avr/lib/avr5\libm.a(fp_zero.o)
                              c:/program files (x86)/atmel/studio/7.0/toolchain/avr8/avr8-gnu-toolchain/bin/../lib/gcc/avr/5.4.0/../../../../avr/lib/avr5\libm.a(addsf3x.o) (__fp_zero)
c:/program files (x86)/atmel/studio/7.0/toolchain/avr8/avr8-gnu-toolchain/bin/../lib/gcc/avr/5.4.0/../../../../avr/lib/avr5\libm.a(mulsf3.o)
                              src/drivers/motor.o (__mulsf3)
c:/program files (x86)/atmel/studio/7.0/toolchain/avr8/avr8-gnu-toolchain/bin/../lib/gcc/avr/5.4.0/../../../../avr/lib/avr5\libm.a(mulsf3x.o)
                              c:/program files (x86)/atmel/studio/7.0/toolchain/avr8/avr8-gnu-toolchain/bin/../lib/gcc/avr/5.4.0/../../../../avr/lib/avr5\libm.a(mulsf3.o) (__mulsf3x)
c:/program files (x86)/atmel/studio/7.0/toolchain/avr8/avr8-gnu-toolchain/bin/../lib/gcc/avr/5.4.0/avr5\libgcc.a(_udivmodqi4.o)
                              src/programs/visionclient.o (__udivmodqi4)
c:/program files (x86)/atmel/studio/7.0/toolchain/avr8/avr8-gnu-toolchain/bin/../lib/gcc/avr/5.4.0/avr5\libgcc.a(_udivmodhi4.o)
[...]
Memory Configuration

Name             Origin             Length             Attributes
text             0x00000000         0x00008000         xr
data             0x00800100         0x00000800         rw !x
eeprom           0x00810000         0x00000400         rw !x
fuse             0x00820000         0x00000003         rw !x
lock             0x00830000         0x00000400         rw !x
signature        0x00840000         0x00000400         rw !x
user_signatures  0x00850000         0x00000400         rw !x
*default*        0x00000000         0xffffffff

Linker script and memory map

Address of section .data set to 0x800100
LOAD C:/Program Files (x86)/Atmel/Studio/7.0/Packs/atmel/ATmega_DFP/1.7.374/gcc/dev/atmega328p/avr5/crtatmega328p.o
LOAD src/core/main.o
LOAD src/drivers/adc.o
LOAD src/drivers/battery.o
LOAD src/drivers/button.o
LOAD src/drivers/clock.o
LOAD src/drivers/led.o
LOAD src/drivers/linesensor.o
LOAD src/drivers/motor.o
LOAD src/drivers/serial.o
LOAD src/irmini/irmini.o
LOAD src/programs/barcode.o
LOAD src/programs/cylon.o
LOAD src/programs/fence.o
LOAD src/programs/gridnav.o
LOAD src/programs/irforwarding.o
LOAD src/programs/linecalibration.o
LOAD src/programs/linedebug.o
LOAD src/programs/linefollowing.o
LOAD src/programs/remotecontrol.o
LOAD src/programs/rave.o
LOAD src/programs/visionclient.o
LOAD src/util/util.o
LOAD src/util/xabc.o
START GROUP
LOAD c:/program files (x86)/atmel/studio/7.0/toolchain/avr8/avr8-gnu-toolchain/bin/../lib/gcc/avr/5.4.0/../../../../avr/lib/avr5\libm.a
END GROUP
START GROUP
LOAD c:/program files (x86)/atmel/studio/7.0/toolchain/avr8/avr8-gnu-toolchain/bin/../lib/gcc/avr/5.4.0/avr5\libgcc.a
LOAD c:/program files (x86)/atmel/studio/7.0/toolchain/avr8/avr8-gnu-toolchain/bin/../lib/gcc/avr/5.4.0/../../../../avr/lib/avr5\libm.a
LOAD c:/program files (x86)/atmel/studio/7.0/toolchain/avr8/avr8-gnu-toolchain/bin/../lib/gcc/avr/5.4.0/../../../../avr/lib/avr5\libc.a
LOAD C:/Program Files (x86)/Atmel/Studio/7.0/Packs/atmel/ATmega_DFP/1.7.374/gcc/dev/atmega328p/avr5\libatmega328p.a
END GROUP
                0x00000000                __TEXT_REGION_ORIGIN__ = DEFINED (__TEXT_REGION_ORIGIN__)?__TEXT_REGION_ORIGIN__:0x0
                [0x00800100]                __DATA_REGION_ORIGIN__ = DEFINED (__DATA_REGION_ORIGIN__)?__DATA_REGION_ORIGIN__:0x800060
                [0x00008000]                __TEXT_REGION_LENGTH__ = DEFINED (__TEXT_REGION_LENGTH__)?__TEXT_REGION_LENGTH__:0x20000
                [0x00000800]                __DATA_REGION_LENGTH__ = DEFINED (__DATA_REGION_LENGTH__)?__DATA_REGION_LENGTH__:0xffa0
                [0x00000400]                __EEPROM_REGION_LENGTH__ = DEFINED (__EEPROM_REGION_LENGTH__)?__EEPROM_REGION_LENGTH__:0x10000
                [0x00000003]                __FUSE_REGION_LENGTH__ = DEFINED (__FUSE_REGION_LENGTH__)?__FUSE_REGION_LENGTH__:0x400
                0x00000400                __LOCK_REGION_LENGTH__ = DEFINED (__LOCK_REGION_LENGTH__)?__LOCK_REGION_LENGTH__:0x400
                0x00000400                __SIGNATURE_REGION_LENGTH__ = DEFINED (__SIGNATURE_REGION_LENGTH__)?__SIGNATURE_REGION_LENGTH__:0x400
                0x00000400                __USER_SIGNATURE_REGION_LENGTH__ = DEFINED (__USER_SIGNATURE_REGION_LENGTH__)?__USER_SIGNATURE_REGION_LENGTH__:0x400

.hash
 *(.hash)

.dynsym
 *(.dynsym)

.dynstr
 *(.dynstr)

.gnu.version
 *(.gnu.version)

.gnu.version_d
 *(.gnu.version_d)

.gnu.version_r
 *(.gnu.version_r)

.rel.init
 *(.rel.init)

.rela.init
 *(.rela.init)

.rel.text
 *(.rel.text)
 *(.rel.text.*)
 *(.rel.gnu.linkonce.t*)

.rela.text
 *(.rela.text)
 *(.rela.text.*)
 *(.rela.gnu.linkonce.t*)

.rel.fini
 *(.rel.fini)

.rela.fini
 *(.rela.fini)

.rel.rodata
 *(.rel.rodata)
 *(.rel.rodata.*)
 *(.rel.gnu.linkonce.r*)

.rela.rodata
 *(.rela.rodata)
 *(.rela.rodata.*)
 *(.rela.gnu.linkonce.r*)

.rel.data
 *(.rel.data)
 *(.rel.data.*)
 *(.rel.gnu.linkonce.d*)

.rela.data
 *(.rela.data)
 *(.rela.data.*)
 *(.rela.gnu.linkonce.d*)

.rel.ctors
 *(.rel.ctors)

.rela.ctors
 *(.rela.ctors)

.rel.dtors
 *(.rel.dtors)

.rela.dtors
 *(.rela.dtors)

.rel.got
 *(.rel.got)

.rela.got
 *(.rela.got)

.rel.bss
 *(.rel.bss)

.rela.bss
 *(.rela.bss)

.rel.plt
 *(.rel.plt)

.rela.plt
 *(.rela.plt)

.text           0x00000000     0x32f8
 *(.vectors)
 .vectors       0x00000000       0x68 C:/Program Files (x86)/Atmel/Studio/7.0/Packs/atmel/ATmega_DFP/1.7.374/gcc/dev/atmega328p/avr5/crtatmega328p.o
                0x00000000                __vector_default
                0x00000000                __vectors
 *(.vectors)
 *(.progmem.gcc*)
                0x00000068                . = ALIGN (0x2)
                0x00000068                __trampolines_start = .
 *(.trampolines)
 .trampolines   0x00000068        0x0 linker stubs
 *(.trampolines*)
                0x00000068                __trampolines_end = .
 *libprintf_flt.a:*(.progmem.data)
 *libc.a:*(.progmem.data)
 *(.progmem*)
                0x00000068                . = ALIGN (0x2)
 *(.jumptables)
 *(.jumptables*)
 *(.lowtext)
 *(.lowtext*)
                0x00000068                __ctors_start = .
 *(.ctors)
                0x00000068                __ctors_end = .
                0x00000068                __dtors_start = .
 *(.dtors)
                0x00000068                __dtors_end = .
 SORT(*)(.ctors)
 SORT(*)(.dtors)
 *(.init0)
 .init0         0x00000068        0x0 C:/Program Files (x86)/Atmel/Studio/7.0/Packs/atmel/ATmega_DFP/1.7.374/gcc/dev/atmega328p/avr5/crtatmega328p.o
                0x00000068                __init
 *(.init0)
 *(.init1)
 *(.init1)
 *(.init2)
 .init2         0x00000068        0xc C:/Program Files (x86)/Atmel/Studio/7.0/Packs/atmel/ATmega_DFP/1.7.374/gcc/dev/atmega328p/avr5/crtatmega328p.o
 *(.init2)
 *(.init3)
 *(.init3)
 *(.init4)
 .init4         0x00000074       0x16 c:/program files (x86)/atmel/studio/7.0/toolchain/avr8/avr8-gnu-toolchain/bin/../lib/gcc/avr/5.4.0/avr5\libgcc.a(_copy_data.o)
                0x00000074                __do_copy_data
 .init4         0x0000008a       0x10 c:/program files (x86)/atmel/studio/7.0/toolchain/avr8/avr8-gnu-toolchain/bin/../lib/gcc/avr/5.4.0/avr5\libgcc.a(_clear_bss.o)
                0x0000008a                __do_clear_bss
 *(.init4)
 *(.init5)
 *(.init5)
 *(.init6)
 *(.init6)
 *(.init7)
 *(.init7)
 *(.init8)
 *(.init8)
 *(.init9)
 .init9         0x0000009a        0x8 C:/Program Files (x86)/Atmel/Studio/7.0/Packs/atmel/ATmega_DFP/1.7.374/gcc/dev/atmega328p/avr5/crtatmega328p.o
 *(.init9)
 *(.text)
 .text          0x000000a2        0x4 C:/Program Files (x86)/Atmel/Studio/7.0/Packs/atmel/ATmega_DFP/1.7.374/gcc/dev/atmega328p/avr5/crtatmega328p.o
                0x000000a2                __vector_22
                0x000000a2                __vector_1
                0x000000a2                __vector_24
                0x000000a2                __vector_12
                0x000000a2                __bad_interrupt
                0x000000a2                __vector_6
                0x000000a2                __vector_3
                0x000000a2                __vector_23
                0x000000a2                __vector_25
                0x000000a2                __vector_11
                0x000000a2                __vector_17
                0x000000a2                __vector_19
                0x000000a2                __vector_7
                0x000000a2                __vector_4
                0x000000a2                __vector_9
                0x000000a2                __vector_2
                0x000000a2                __vector_21
                0x000000a2                __vector_15
                0x000000a2                __vector_8
                0x000000a2                __vector_14
                0x000000a2                __vector_10
                0x000000a2                __vector_16
                0x000000a2                __vector_18
                0x000000a2                __vector_20
                0x000000a6                . = ALIGN (0x2)
 *(.text.*)
 .text.startup.main
                0x000000a6      0x254 src/core/main.o
                0x000000a6                main
 .text.adcInit  0x000002fa       0x12 src/drivers/adc.o
                0x000002fa                adcInit
 .text.adcSetChannel
                0x0000030c       0x22 src/drivers/adc.o
                0x0000030c                adcSetChannel
 .text.adcRead  0x0000032e       0x1c src/drivers/adc.o
                0x0000032e                adcRead
 .text.batteryRead
                0x0000034a       0x4c src/drivers/battery.o
                0x0000034a                batteryRead
 .text.batteryGetMillivolts
                0x00000396        0xa src/drivers/battery.o
                0x00000396                batteryGetMillivolts
 .text.buttonInit
                0x000003a0        0x6 src/drivers/button.o
                0x000003a0                buttonInit
 .text.buttonDown
                0x000003a6        0x8 src/drivers/button.o
                0x000003a6                buttonDown
 .text.clockMillis
                0x000003ae       0x18 src/drivers/clock.o
                0x000003ae                clockMillis
 .text.clockMicros
                0x000003c6       0x50 src/drivers/clock.o
                0x000003c6                clockMicros
 .text.clockPause
                0x00000416       0x14 src/drivers/clock.o
                0x00000416                clockPause
 .text.clockResume
                0x0000042a       0x2c src/drivers/clock.o
                0x0000042a                clockResume
 .text.clockInit
                0x00000456       0x38 src/drivers/clock.o
                0x00000456                clockInit
 .text.__vector_13
                0x0000048e       0xda src/drivers/clock.o
                0x0000048e                __vector_13
 .text._ledSendByte
                0x00000568       0x18 src/drivers/led.o
 .text.ledInit  0x00000580       0x30 src/drivers/led.o
                0x00000580                ledInit
 .text.ledSet   0x000005b0       0x40 src/drivers/led.o
                0x000005b0                ledSet
 .text.ledClear
                0x000005f0       0x1a src/drivers/led.o
                0x000005f0                ledClear
 .text.ledRefresh
                0x0000060a       0x96 src/drivers/led.o
                0x0000060a                ledRefresh
 .text.lineSensorInit
                0x000006a0       0x12 src/drivers/linesensor.o
                0x000006a0                lineSensorInit
 .text.lineSensorRead
                0x000006b2      0x10c src/drivers/linesensor.o
                0x000006b2                lineSensorRead
 .text._disableLeftMotorOutputs
                0x000007be       0x12 src/drivers/motor.o
                0x000007be                _disableLeftMotorOutputs
 .text._disableRightMotorOutputs
                0x000007d0       0x16 src/drivers/motor.o
                0x000007d0                _disableRightMotorOutputs
 .text.motorInit
                0x000007e6       0x70 src/drivers/motor.o
                0x000007e6                motorInit
 .text._computeValidSpeed
                0x00000856        0xe src/drivers/motor.o
                0x00000856                _computeValidSpeed
 .text._isDirDifferent
                0x00000864       0x2e src/drivers/motor.o
                0x00000864                _isDirDifferent
 .text.motorLeft
                0x00000892       0x8e src/drivers/motor.o
                0x00000892                motorLeft
 .text.motorRight
                0x00000920       0x9e src/drivers/motor.o
                0x00000920                motorRight
 .text.motorUseHardBrake
                0x000009be       0x1e src/drivers/motor.o
                0x000009be                motorUseHardBrake
 .text.serialInit
                0x000009dc       0x12 src/drivers/serial.o
                0x000009dc                serialInit
 .text.serialSetBaudRate
                0x000009ee       0x3e src/drivers/serial.o
                0x000009ee                serialSetBaudRate
 .text.serialTX
                0x00000a2c       0x40 src/drivers/serial.o
                0x00000a2c                serialTX
 .text.irmHasRX
                0x00000a6c        0x6 src/irmini/irmini.o
                0x00000a6c                irmHasRX
 .text.irmGetRXLength
                0x00000a72        0x6 src/irmini/irmini.o
                0x00000a72                irmGetRXLength
 .text.irmClearRX
                0x00000a78        0xe src/irmini/irmini.o
                0x00000a78                irmClearRX
 .text.irmGetError
                0x00000a86        0x6 src/irmini/irmini.o
                0x00000a86                irmGetError
 .text.irmClearError
                0x00000a8c        0x6 src/irmini/irmini.o
                0x00000a8c                irmClearError
 .text.irmResetRXState
                0x00000a92        0xa src/irmini/irmini.o
                0x00000a92                irmResetRXState
 .text.irmInit  0x00000a9c       0x4a src/irmini/irmini.o
                0x00000a9c                irmInit
 .text.irmResetBitState
                0x00000ae6        0xc src/irmini/irmini.o
                0x00000ae6                irmResetBitState
 .text.irmReadByte
                0x00000af2       0x76 src/irmini/irmini.o
                0x00000af2                irmReadByte
 .text.irmTransmitByte
                0x00000b68       0x62 src/irmini/irmini.o
                0x00000b68                irmTransmitByte
 .text.irmComputeCRC
                0x00000bca       0x24 src/irmini/irmini.o
                0x00000bca                irmComputeCRC
 .text.irmSendBlocking
                0x00000bee       0xce src/irmini/irmini.o
                0x00000bee                irmSendBlocking
 .text.irmSetError
                0x00000cbc        0xe src/irmini/irmini.o
                0x00000cbc                irmSetError
 .text.irmUpdateStateReadingPreamble
                0x00000cca       0x3c src/irmini/irmini.o
                0x00000cca                irmUpdateStateReadingPreamble
 .text.irmUpdateStateReadingLength
                0x00000d06       0x3c src/irmini/irmini.o
                0x00000d06                irmUpdateStateReadingLength
 .text.irmUpdateStateReadingCRC
                0x00000d42       0x2a src/irmini/irmini.o
                0x00000d42                irmUpdateStateReadingCRC
 .text.irmUpdateStateReadingPayload
                0x00000d6c       0x98 src/irmini/irmini.o
                0x00000d6c                irmUpdateStateReadingPayload
 .text.irmUpdate
                0x00000e04       0x88 src/irmini/irmini.o
                0x00000e04                irmUpdate
 .text.__vector_5
                0x00000e8c       0x94 src/irmini/irmini.o
                0x00000e8c                __vector_5
 .text.followLine
                0x00000f20      0x2b6 src/programs/barcode.o
 .text.flashLEDs
                0x000011d6       0x60 src/programs/barcode.o
 .text.runCommands
                0x00001236      0x186 src/programs/barcode.o
 .text.runCalibrationCycle.constprop.5
                0x000013bc       0xac src/programs/barcode.o
 .text.readCalibratedSensors.constprop.6
                0x00001468       0x84 src/programs/barcode.o
 .text.runBarcodeProgram
                0x000014ec      0x524 src/programs/barcode.o
                0x000014ec                runBarcodeProgram
 .text.runCalibrationCycle.constprop.0
                0x00001a10       0xac src/programs/fence.o
 .text.runFenceProgram
                0x00001abc      0x26c src/programs/fence.o
                0x00001abc                runFenceProgram
 .text.runLineDebugProgram
                0x00001d28      0x16a src/programs/linedebug.o
                0x00001d28                runLineDebugProgram
 .text.runCalibrationCycle.constprop.0
                0x00001e92       0xac src/programs/linefollowing.o
 .text.runLineFollowingProgram
                0x00001f3e      0x54e src/programs/linefollowing.o
                0x00001f3e                runLineFollowingProgram
 .text.runRaveProgram
                0x0000248c       0xac src/programs/rave.o
                0x0000248c                runRaveProgram
 .text.colorDistFunc
                0x00002538       0x3e src/util/util.o
 .text.utilWaitForButtonPress
                0x00002576       0x76 src/util/util.o
                0x00002576                utilWaitForButtonPress
 .text.utilHandleLowPower
                0x000025ec       0x9c src/util/util.o
                0x000025ec                utilHandleLowPower
 .text.utilHue2RGB
                0x00002688       0x5e src/util/util.o
                0x00002688                utilHue2RGB
 .text.xabcInit
                0x000026e6       0x18 src/util/xabc.o
                0x000026e6                xabcInit
 .text.avr-libc.fplib
                0x000026fe        0xe c:/program files (x86)/atmel/studio/7.0/toolchain/avr8/avr8-gnu-toolchain/bin/../lib/gcc/avr/5.4.0/../../../../avr/lib/avr5\libm.a(addsf3.o)
                0x000026fe                __subsf3
                0x00002700                __addsf3
 .text.avr-libc.fplib
                0x0000270c       0xcc c:/program files (x86)/atmel/studio/7.0/toolchain/avr8/avr8-gnu-toolchain/bin/../lib/gcc/avr/5.4.0/../../../../avr/lib/avr5\libm.a(addsf3x.o)
                0x0000272e                __addsf3x
 .text.avr-libc.fplib
                0x000027d8        0xe c:/program files (x86)/atmel/studio/7.0/toolchain/avr8/avr8-gnu-toolchain/bin/../lib/gcc/avr/5.4.0/../../../../avr/lib/avr5\libm.a(fixsfsi.o)
                0x000027d8                __fixsfsi
 .text.avr-libc.fplib
                0x000027e6       0x5e c:/program files (x86)/atmel/studio/7.0/toolchain/avr8/avr8-gnu-toolchain/bin/../lib/gcc/avr/5.4.0/../../../../avr/lib/avr5\libm.a(fixunssfsi.o)
                0x000027e6                __fixunssfsi
 .text.avr-libc.fplib
                0x00002844       0x7a c:/program files (x86)/atmel/studio/7.0/toolchain/avr8/avr8-gnu-toolchain/bin/../lib/gcc/avr/5.4.0/../../../../avr/lib/avr5\libm.a(floatsisf.o)
                0x00002844                __floatunsisf
                0x00002848                __floatsisf
 .text.avr-libc.fplib
                0x000028be        0xc c:/program files (x86)/atmel/studio/7.0/toolchain/avr8/avr8-gnu-toolchain/bin/../lib/gcc/avr/5.4.0/../../../../avr/lib/avr5\libm.a(fp_inf.o)
                0x000028be                __fp_inf
 .text.avr-libc.fplib
                0x000028ca        0x6 c:/program files (x86)/atmel/studio/7.0/toolchain/avr8/avr8-gnu-toolchain/bin/../lib/gcc/avr/5.4.0/../../../../avr/lib/avr5\libm.a(fp_nan.o)
                0x000028ca                __fp_nan
 .text.avr-libc.fplib
                0x000028d0        0xe c:/program files (x86)/atmel/studio/7.0/toolchain/avr8/avr8-gnu-toolchain/bin/../lib/gcc/avr/5.4.0/../../../../avr/lib/avr5\libm.a(fp_pscA.o)
                0x000028d0                __fp_pscA
 .text.avr-libc.fplib
                0x000028de        0xe c:/program files (x86)/atmel/studio/7.0/toolchain/avr8/avr8-gnu-toolchain/bin/../lib/gcc/avr/5.4.0/../../../../avr/lib/avr5\libm.a(fp_pscB.o)
                0x000028de                __fp_pscB
 .text.avr-libc.fplib
                0x000028ec       0x22 c:/program files (x86)/atmel/studio/7.0/toolchain/avr8/avr8-gnu-toolchain/bin/../lib/gcc/avr/5.4.0/../../../../avr/lib/avr5\libm.a(fp_round.o)
                0x000028ec                __fp_round
 .text.avr-libc.fplib
                0x0000290e       0x44 c:/program files (x86)/atmel/studio/7.0/toolchain/avr8/avr8-gnu-toolchain/bin/../lib/gcc/avr/5.4.0/../../../../avr/lib/avr5\libm.a(fp_split3.o)
                0x0000290e                __fp_split3
                0x0000291e                __fp_splitA
 .text.avr-libc.fplib
                0x00002952        0xe c:/program files (x86)/atmel/studio/7.0/toolchain/avr8/avr8-gnu-toolchain/bin/../lib/gcc/avr/5.4.0/../../../../avr/lib/avr5\libm.a(fp_zero.o)
                0x00002952                __fp_zero
                0x00002954                __fp_szero
 .text.avr-libc.fplib
                0x00002960        0x8 c:/program files (x86)/atmel/studio/7.0/toolchain/avr8/avr8-gnu-toolchain/bin/../lib/gcc/avr/5.4.0/../../../../avr/lib/avr5\libm.a(mulsf3.o)
                0x00002960                __mulsf3
 .text.avr-libc.fplib
                0x00002968       0xd2 c:/program files (x86)/atmel/studio/7.0/toolchain/avr8/avr8-gnu-toolchain/bin/../lib/gcc/avr/5.4.0/../../../../avr/lib/avr5\libm.a(mulsf3x.o)
                0x00002986                __mulsf3x
                0x0000298c                __mulsf3_pse
 .text.libgcc.div
                0x00002a3a       0x28 c:/program files (x86)/atmel/studio/7.0/toolchain/avr8/avr8-gnu-toolchain/bin/../lib/gcc/avr/5.4.0/avr5\libgcc.a(_udivmodhi4.o)
                0x00002a3a                __udivmodhi4
 .text.libgcc.div
                0x00002a62       0x28 c:/program files (x86)/atmel/studio/7.0/toolchain/avr8/avr8-gnu-toolchain/bin/../lib/gcc/avr/5.4.0/avr5\libgcc.a(_divmodhi4.o)
                0x00002a62                _div
                0x00002a62                __divmodhi4
 .text.libgcc.div
                0x00002a8a       0x44 c:/program files (x86)/atmel/studio/7.0/toolchain/avr8/avr8-gnu-toolchain/bin/../lib/gcc/avr/5.4.0/avr5\libgcc.a(_udivmodsi4.o)
                0x00002a8a                __udivmodsi4
 .text.libgcc.mul
                0x00002ace       0x1e c:/program files (x86)/atmel/studio/7.0/toolchain/avr8/avr8-gnu-toolchain/bin/../lib/gcc/avr/5.4.0/avr5\libgcc.a(_umulhisi3.o)
                0x00002ace                __umulhisi3
 .text.libgcc.mul
                0x00002aec       0x16 c:/program files (x86)/atmel/studio/7.0/toolchain/avr8/avr8-gnu-toolchain/bin/../lib/gcc/avr/5.4.0/avr5\libgcc.a(_muluhisi3.o)
                0x00002aec                __muluhisi3
 .text.libgcc.mul
                0x00002b02       0x10 c:/program files (x86)/atmel/studio/7.0/toolchain/avr8/avr8-gnu-toolchain/bin/../lib/gcc/avr/5.4.0/avr5\libgcc.a(_mulshisi3.o)
                0x00002b02                __mulshisi3
                0x00002b08                __mulohisi3
 .text.libgcc.mul
                0x00002b12       0xa0 c:/program files (x86)/atmel/studio/7.0/toolchain/avr8/avr8-gnu-toolchain/bin/../lib/gcc/avr/5.4.0/avr5\libgcc.a(_muldi3.o)
                0x00002b12                __muldi3
 .text.libgcc.mul
                0x00002bb2       0x12 c:/program files (x86)/atmel/studio/7.0/toolchain/avr8/avr8-gnu-toolchain/bin/../lib/gcc/avr/5.4.0/avr5\libgcc.a(_muldi3_6.o)
                0x00002bb2                __muldi3_6
 .text.libgcc.div
                0x00002bc4       0x1c c:/program files (x86)/atmel/studio/7.0/toolchain/avr8/avr8-gnu-toolchain/bin/../lib/gcc/avr/5.4.0/avr5\libgcc.a(_udivdi3.o)
                0x00002bc4                __umoddi3
                0x00002bc8                __udivdi3
                0x00002bca                __udivdi3_umoddi3
 .text.libgcc.div
                0x00002be0       0xa2 c:/program files (x86)/atmel/studio/7.0/toolchain/avr8/avr8-gnu-toolchain/bin/../lib/gcc/avr/5.4.0/avr5\libgcc.a(_udivmod64.o)
                0x00002be0                __udivmod64
 .text.libgcc   0x00002c82       0x12 c:/program files (x86)/atmel/studio/7.0/toolchain/avr8/avr8-gnu-toolchain/bin/../lib/gcc/avr/5.4.0/avr5\libgcc.a(_adddi3.o)
                0x00002c82                __adddi3
 .text.libgcc   0x00002c94       0x18 c:/program files (x86)/atmel/studio/7.0/toolchain/avr8/avr8-gnu-toolchain/bin/../lib/gcc/avr/5.4.0/avr5\libgcc.a(_adddi3_s8.o)
                0x00002c94                __adddi3_s8
 .text.avr-libc
                0x00002cac       0x58 c:/program files (x86)/atmel/studio/7.0/toolchain/avr8/avr8-gnu-toolchain/bin/../lib/gcc/avr/5.4.0/../../../../avr/lib/avr5\libc.a(vsnprintf.o)
                0x00002cac                vsnprintf
 .text.avr-libc
                0x00002d04      0x3c2 c:/program files (x86)/atmel/studio/7.0/toolchain/avr8/avr8-gnu-toolchain/bin/../lib/gcc/avr/5.4.0/../../../../avr/lib/avr5\libc.a(vfprintf_std.o)
                0x00002d04                vfprintf
 .text.avr-libc
                0x000030c6       0x16 c:/program files (x86)/atmel/studio/7.0/toolchain/avr8/avr8-gnu-toolchain/bin/../lib/gcc/avr/5.4.0/../../../../avr/lib/avr5\libc.a(strnlen_P.o)
                0x000030c6                strnlen_P
 .text.avr-libc
                0x000030dc       0x16 c:/program files (x86)/atmel/studio/7.0/toolchain/avr8/avr8-gnu-toolchain/bin/../lib/gcc/avr/5.4.0/../../../../avr/lib/avr5\libc.a(strnlen.o)
                0x000030dc                strnlen
 .text.avr-libc
                0x000030f2       0x78 c:/program files (x86)/atmel/studio/7.0/toolchain/avr8/avr8-gnu-toolchain/bin/../lib/gcc/avr/5.4.0/../../../../avr/lib/avr5\libc.a(fputc.o)
                0x000030f2                fputc
 .text.avr-libc
                0x0000316a       0xbc c:/program files (x86)/atmel/studio/7.0/toolchain/avr8/avr8-gnu-toolchain/bin/../lib/gcc/avr/5.4.0/../../../../avr/lib/avr5\libc.a(ultoa_invert.o)
                0x0000316a                __ultoa_invert
 .text.avr-libc
                0x00003226       0x20 C:/Program Files (x86)/Atmel/Studio/7.0/Packs/atmel/ATmega_DFP/1.7.374/gcc/dev/atmega328p/avr5\libatmega328p.a(eerd_block.o)
                0x00003226                eeprom_read_block
                0x0000322a                eeprom_read_blraw
 .text.avr-libc
                0x00003246       0x10 C:/Program Files (x86)/Atmel/Studio/7.0/Packs/atmel/ATmega_DFP/1.7.374/gcc/dev/atmega328p/avr5\libatmega328p.a(eerd_byte.o)
                0x00003246                eeprom_read_byte
 .text.avr-libc
                0x00003256       0x14 C:/Program Files (x86)/Atmel/Studio/7.0/Packs/atmel/ATmega_DFP/1.7.374/gcc/dev/atmega328p/avr5\libatmega328p.a(eewr_block.o)
                0x00003256                eeprom_write_block
 .text.avr-libc
                0x0000326a       0x1c C:/Program Files (x86)/Atmel/Studio/7.0/Packs/atmel/ATmega_DFP/1.7.374/gcc/dev/atmega328p/avr5\libatmega328p.a(eewr_byte.o)
                0x0000326a                eeprom_write_byte
                0x0000326c                eeprom_write_r18
 .text.libgcc.prologue
                0x00003286       0x38 c:/program files (x86)/atmel/studio/7.0/toolchain/avr8/avr8-gnu-toolchain/bin/../lib/gcc/avr/5.4.0/avr5\libgcc.a(_prologue.o)
                0x00003286                __prologue_saves__
 .text.libgcc.prologue
                0x000032be       0x36 c:/program files (x86)/atmel/studio/7.0/toolchain/avr8/avr8-gnu-toolchain/bin/../lib/gcc/avr/5.4.0/avr5\libgcc.a(_epilogue.o)
                0x000032be                __epilogue_restores__
                0x000032f4                . = ALIGN (0x2)
 *(.fini9)
 .fini9         0x000032f4        0x0 c:/program files (x86)/atmel/studio/7.0/toolchain/avr8/avr8-gnu-toolchain/bin/../lib/gcc/avr/5.4.0/avr5\libgcc.a(_exit.o)
                0x000032f4                _exit
                0x000032f4                exit
 *(.fini9)
 *(.fini8)
 *(.fini8)
 *(.fini7)
 *(.fini7)
 *(.fini6)
 *(.fini6)
 *(.fini5)
 *(.fini5)
 *(.fini4)
 *(.fini4)
 *(.fini3)
 *(.fini3)
 *(.fini2)
 *(.fini2)
 *(.fini1)
 *(.fini1)
 *(.fini0)
 .fini0         0x000032f4        0x4 c:/program files (x86)/atmel/studio/7.0/toolchain/avr8/avr8-gnu-toolchain/bin/../lib/gcc/avr/5.4.0/avr5\libgcc.a(_exit.o)
 *(.fini0)
                0x000032f8                _etext = .

.data           0x00800100       0x1a load address 0x000032f8
                0x00800100                PROVIDE (__data_start, .)
 *(.data)
 *(.data*)
 .data._rightScale
                0x00800100        0x4 src/drivers/motor.o
 .data._leftScale
                0x00800104        0x4 src/drivers/motor.o
 .data._useHardBrake
                0x00800108        0x1 src/drivers/motor.o
 *(.gnu.linkonce.d*)
 *(.rodata)
 *(.rodata*)
 .rodata.str1.1
                0x00800109       0x10 src/programs/linedebug.o
 *(.gnu.linkonce.r*)
                0x0080011a                . = ALIGN (0x2)
 *fill*         0x00800119        0x1 
                0x0080011a                _edata = .
                0x0080011a                PROVIDE (__data_end, .)

.bss            0x0080011a      0x122
                0x0080011a                PROVIDE (__bss_start, .)
 *(.bss)
 *(.bss*)
 .bss._needsRefresh
                0x0080011a        0x1 src/drivers/led.o
 .bss._blue     0x0080011b        0x5 src/drivers/led.o
 .bss._green    0x00800120        0x5 src/drivers/led.o
 .bss._red      0x00800125        0x5 src/drivers/led.o
 .bss._rightSpeed
                0x0080012a        0x1 src/drivers/motor.o
 .bss._leftSpeed
                0x0080012b        0x1 src/drivers/motor.o
 .bss.lineFollowLastError.2195
                0x0080012c        0x4 src/programs/barcode.o
 .bss.lineFollowLastPos.2193
                0x00800130        0x4 src/programs/barcode.o
 .bss.a         0x00800134        0x1 src/util/xabc.o
 *(COMMON)
 COMMON         0x00800135        0x4 src/drivers/battery.o
                0x00800135                _rawBatteryValue
                0x00800137                _millivolts
 COMMON         0x00800139        0xc src/drivers/clock.o
                0x00800139                timer_millis
                0x0080013d                timer_fract
                0x00800141                timer_overflow_count
 COMMON         0x00800145       0x80 src/drivers/serial.o
                0x00800145                tempStr
 COMMON         0x008001c5       0x10 src/irmini/irmini.o
                0x008001c5                irmLastError
                0x008001c6                irmState
                0x008001c7                irmCurrentPayloadIndex
                0x008001c8                irmBuffer
                0x008001ca                irmBitIndex
                0x008001cb                irmRXAvailable
                0x008001cc                irmRXCRC
                0x008001cd                irmLastPinChangeTime
                0x008001d1                irmRXPin
                0x008001d2                irmRXLen
                0x008001d3                irmBitState
                0x008001d4                irmMaxPayloadLen
 COMMON         0x008001d5       0x67 src/programs/barcode.o
                0x008001d5                scannedByte
                0x008001d6                instructions
                0x008001f6                stateTimer
                0x008001fa                done
                0x008001fb                highestReadTime
                0x008001ff                lowestReadTime
                0x00800203                scanState
                0x00800204                maxReadings
                0x0080020a                numInstructions
                0x0080020b                minReadings
                0x00800211                bitReadTimes
                0x00800231                blankMarkerTime
                0x00800235                numBitsScanned
                0x00800236                sensors
                0x0080023c                PROVIDE (__bss_end, .)
                0x000032f8                __data_load_start = LOADADDR (.data)
                0x00003312                __data_load_end = (__data_load_start + SIZEOF (.data))

.noinit         0x0080023c        0x0
                [!provide]                PROVIDE (__noinit_start, .)
 *(.noinit*)
                [!provide]                PROVIDE (__noinit_end, .)
                0x0080023c                _end = .
                [!provide]                PROVIDE (__heap_start, .)

.eeprom         0x00810000        0x0
 *(.eeprom*)
                0x00810000                __eeprom_end = .

.fuse
 *(.fuse)
 *(.lfuse)
 *(.hfuse)
 *(.efuse)

.lock
 *(.lock*)

.signature
 *(.signature*)

.user_signatures
 *(.user_signatures*)

.stab
 *(.stab)

.stabstr
 *(.stabstr)

.stab.excl
 *(.stab.excl)

.stab.exclstr
 *(.stab.exclstr)

.stab.index
 *(.stab.index)

.stab.indexstr
 *(.stab.indexstr)

.comment        0x00000000       0x5c
 *(.comment)
 .comment       0x00000000       0x30 src/core/main.o
                                 0x31 (size before relaxing)
 .comment       0x00000030       0x31 src/drivers/adc.o
 .comment       0x00000030       0x31 src/drivers/battery.o
 .comment       0x00000030       0x31 src/drivers/button.o
 .comment       0x00000030       0x31 src/drivers/clock.o
 .comment       0x00000030       0x31 src/drivers/led.o
 .comment       0x00000030       0x31 src/drivers/linesensor.o
 .comment       0x00000030       0x31 src/drivers/motor.o
 .comment       0x00000030       0x31 src/drivers/serial.o
 .comment       0x00000030       0x31 src/irmini/irmini.o
 .comment       0x00000030       0x31 src/programs/barcode.o
 .comment       0x00000030       0x31 src/programs/fence.o
 .comment       0x00000030       0x31 src/programs/linedebug.o
 .comment       0x00000030       0x31 src/programs/linefollowing.o
 .comment       0x00000030       0x31 src/programs/rave.o
 .comment       0x00000030       0x31 src/util/util.o
 .comment       0x00000030       0x31 src/util/xabc.o
 .comment       0x00000030       0x31 c:/program files (x86)/atmel/studio/7.0/toolchain/avr8/avr8-gnu-toolchain/bin/../lib/gcc/avr/5.4.0/../../../../avr/lib/avr5\libc.a(vsnprintf.o)
 .comment       0x00000030       0x2c c:/program files (x86)/atmel/studio/7.0/toolchain/avr8/avr8-gnu-toolchain/bin/../lib/gcc/avr/5.4.0/../../../../avr/lib/avr5\libc.a(vfprintf_std.o)
                                 0x2d (size before relaxing)
 .comment       0x0000005c       0x31 c:/program files (x86)/atmel/studio/7.0/toolchain/avr8/avr8-gnu-toolchain/bin/../lib/gcc/avr/5.4.0/../../../../avr/lib/avr5\libc.a(fputc.o)

.note.gnu.avr.deviceinfo
                0x00000000       0x40
 .note.gnu.avr.deviceinfo
                0x00000000       0x40 C:/Program Files (x86)/Atmel/Studio/7.0/Packs/atmel/ATmega_DFP/1.7.374/gcc/dev/atmega328p/avr5/crtatmega328p.o

.note.gnu.build-id
 *(.note.gnu.build-id)

.debug
 *(.debug)

.line
 *(.line)

.debug_srcinfo
 *(.debug_srcinfo)

.debug_sfnames
 *(.debug_sfnames)

.debug_aranges  0x00000000       0x80
 *(.debug_aranges)
 .debug_aranges
                0x00000000       0x20 C:/Program Files (x86)/Atmel/Studio/7.0/Packs/atmel/ATmega_DFP/1.7.374/gcc/dev/atmega328p/avr5\libatmega328p.a(eerd_block.o)
 .debug_aranges
                0x00000020       0x20 C:/Program Files (x86)/Atmel/Studio/7.0/Packs/atmel/ATmega_DFP/1.7.374/gcc/dev/atmega328p/avr5\libatmega328p.a(eerd_byte.o)
 .debug_aranges
                0x00000040       0x20 C:/Program Files (x86)/Atmel/Studio/7.0/Packs/atmel/ATmega_DFP/1.7.374/gcc/dev/atmega328p/avr5\libatmega328p.a(eewr_block.o)
 .debug_aranges
                0x00000060       0x20 C:/Program Files (x86)/Atmel/Studio/7.0/Packs/atmel/ATmega_DFP/1.7.374/gcc/dev/atmega328p/avr5\libatmega328p.a(eewr_byte.o)

.debug_pubnames
 *(.debug_pubnames)

.debug_info     0x00000000      0x85e
 *(.debug_info .gnu.linkonce.wi.*)
 .debug_info    0x00000000      0x5f4 C:/Program Files (x86)/Atmel/Studio/7.0/Packs/atmel/ATmega_DFP/1.7.374/gcc/dev/atmega328p/avr5/crtatmega328p.o
 .debug_info    0x000005f4       0x9b C:/Program Files (x86)/Atmel/Studio/7.0/Packs/atmel/ATmega_DFP/1.7.374/gcc/dev/atmega328p/avr5\libatmega328p.a(eerd_block.o)
 .debug_info    0x0000068f       0x9a C:/Program Files (x86)/Atmel/Studio/7.0/Packs/atmel/ATmega_DFP/1.7.374/gcc/dev/atmega328p/avr5\libatmega328p.a(eerd_byte.o)
 .debug_info    0x00000729       0x9b C:/Program Files (x86)/Atmel/Studio/7.0/Packs/atmel/ATmega_DFP/1.7.374/gcc/dev/atmega328p/avr5\libatmega328p.a(eewr_block.o)
 .debug_info    0x000007c4       0x9a C:/Program Files (x86)/Atmel/Studio/7.0/Packs/atmel/ATmega_DFP/1.7.374/gcc/dev/atmega328p/avr5\libatmega328p.a(eewr_byte.o)

.debug_abbrev   0x00000000      0x5f2
 *(.debug_abbrev)
 .debug_abbrev  0x00000000      0x5a2 C:/Program Files (x86)/Atmel/Studio/7.0/Packs/atmel/ATmega_DFP/1.7.374/gcc/dev/atmega328p/avr5/crtatmega328p.o
 .debug_abbrev  0x000005a2       0x14 C:/Program Files (x86)/Atmel/Studio/7.0/Packs/atmel/ATmega_DFP/1.7.374/gcc/dev/atmega328p/avr5\libatmega328p.a(eerd_block.o)
 .debug_abbrev  0x000005b6       0x14 C:/Program Files (x86)/Atmel/Studio/7.0/Packs/atmel/ATmega_DFP/1.7.374/gcc/dev/atmega328p/avr5\libatmega328p.a(eerd_byte.o)
 .debug_abbrev  0x000005ca       0x14 C:/Program Files (x86)/Atmel/Studio/7.0/Packs/atmel/ATmega_DFP/1.7.374/gcc/dev/atmega328p/avr5\libatmega328p.a(eewr_block.o)
 .debug_abbrev  0x000005de       0x14 C:/Program Files (x86)/Atmel/Studio/7.0/Packs/atmel/ATmega_DFP/1.7.374/gcc/dev/atmega328p/avr5\libatmega328p.a(eewr_byte.o)

.debug_line     0x00000000      0x377
 *(.debug_line .debug_line.* .debug_line_end)
 .debug_line    0x00000000      0x134 C:/Program Files (x86)/Atmel/Studio/7.0/Packs/atmel/ATmega_DFP/1.7.374/gcc/dev/atmega328p/avr5/crtatmega328p.o
 .debug_line    0x00000134       0xab C:/Program Files (x86)/Atmel/Studio/7.0/Packs/atmel/ATmega_DFP/1.7.374/gcc/dev/atmega328p/avr5\libatmega328p.a(eerd_block.o)
 .debug_line    0x000001df       0x7a C:/Program Files (x86)/Atmel/Studio/7.0/Packs/atmel/ATmega_DFP/1.7.374/gcc/dev/atmega328p/avr5\libatmega328p.a(eerd_byte.o)
 .debug_line    0x00000259       0x80 C:/Program Files (x86)/Atmel/Studio/7.0/Packs/atmel/ATmega_DFP/1.7.374/gcc/dev/atmega328p/avr5\libatmega328p.a(eewr_block.o)
 .debug_line    0x000002d9       0x9e C:/Program Files (x86)/Atmel/Studio/7.0/Packs/atmel/ATmega_DFP/1.7.374/gcc/dev/atmega328p/avr5\libatmega328p.a(eewr_byte.o)

.debug_frame
 *(.debug_frame)

.debug_str      0x00000000      0x208
 *(.debug_str)
 .debug_str     0x00000000      0x208 C:/Program Files (x86)/Atmel/Studio/7.0/Packs/atmel/ATmega_DFP/1.7.374/gcc/dev/atmega328p/avr5/crtatmega328p.o

.debug_loc
 *(.debug_loc)

.debug_macinfo
 *(.debug_macinfo)

.debug_weaknames
 *(.debug_weaknames)

.debug_funcnames
 *(.debug_funcnames)

.debug_typenames
 *(.debug_typenames)

.debug_varnames
 *(.debug_varnames)

.debug_pubtypes
 *(.debug_pubtypes)

.debug_ranges
 *(.debug_ranges)

.debug_macro
 *(.debug_macro)
OUTPUT(pocket-bot-firmware.elf elf32-avr)
LOAD linker stubs
